
running 1 test
bmc_preserves_initial_property_precedence_over_future_partial_operations --- FAILED

failures:

---- bmc_preserves_initial_property_precedence_over_future_partial_operations stdout ----

thread 'bmc_preserves_initial_property_precedence_over_future_partial_operations' (984162) panicked at fslc/tests/issue_651_bmc_partial_operations.rs:108:5:
assertion `left == right` failed: {
  "fsl": "1.0",
  "result": "violated",
  "spec": "InitialPrecedence",
  "violation_kind": "partial_op",
  "invariant": "_partial_divide",
  "loc": {
    "line": 6,
    "column": 21
  },
  "hint": "guard the action with requires q.size() > 0 (or bound the index)",
  "violated_at_step": 1,
  "violating_bindings": null,
  "last_action": {
    "name": "divide",
    "params": {},
    "loc": {
      "line": 6,
      "column": 3
    }
  },
  "trace": [
    {
      "step": 0,
      "state": {
        "divisor": 0,
        "quotient": 0
      }
    },
    {
      "step": 1,
      "state": {
        "divisor": 0,
        "quotient": 0
      },
      "action": {
        "name": "divide",
        "params": {},
        "loc": {
          "line": 6,
          "column": 3
        }
      },
      "changes": {},
      "blame": {
        "guards": [],
        "effects": []
      }
    }
  ],
  "checked_to_depth": 1,
  "completeness": "bounded",
  "cost": {
    "elapsed_s": 0.000181941,
    "solver": {
      "checks": 0,
      "check_elapsed_s": 0.0,
      "conflicts": null,
      "decisions": null,
      "propagations": null,
      "memory_mb": null
    },
    "properties": []
  },
  "faithfulness_class": "partial_op_unguarded",
  "recommended_action": "add the missing guard / run bounded Monitor (replay)",
  "trace_type": "partial_op",
  "versions": {
    "verifier": {
      "name": "fslc-rust",
      "version": "4.1.0"
    },
    "core": {
      "name": "fsl-core",
      "version": "4.1.0"
    },
    "solver": {
      "name": "z3",
      "backend": "native-z3",
      "version": "Z3 4.16.0.0"
    }
  }
}
  left: String("partial_op")
 right: "invariant"
note: run with `RUST_BACKTRACE=1` environment variable to display a backtrace


failures:
    bmc_preserves_initial_property_precedence_over_future_partial_operations

test result: FAILED. 0 passed; 1 failed; 0 ignored; 0 measured; 1 filtered out; finished in 0.00s

